---
source: unreferenced_files_lib/src/tests/relative_path/mod.rs
assertion_line: 24
expression: sorted_search_for

---
[]
