---
source: src/model/search_for/tests/relative_path/mod.rs
expression: sorted_search_for

---
[]
