---
source: src/unreferenced_files/tests/file_name/mod.rs
expression: sorted_unreferenced_files
---
[]
