---
source: src/unreferenced_files/tests/file_stem/mod.rs
expression: sorted_unreferenced_files

---
[]
