---
source: src/tests/file_stem/mod.rs
expression: sorted_search_for

---
[]
