---
source: src/model/search_for/tests/file_stem/mod.rs
expression: sorted_search_for

---
[]
