---
source: src/model/search_for/tests/singular_searching/mod.rs
expression: sorted_search_for

---
[]
