---
source: unreferenced_files_lib/src/tests/singular_searching/mod.rs
assertion_line: 24
expression: sorted_search_for

---
[]
