---
source: unreferenced_files_lib/src/tests/file_name/mod.rs
assertion_line: 62
expression: sorted_search_for

---
[
    FilePathVariants {
        file_canonicalize_path: "/tmp/folder/file1.txt",
        file_relative_path: "./folder/file1.txt",
        file_name: "file1.txt",
        file_stem: "file1",
    },
]
