---
source: src/model/unreferenced_files/tests/relative_path/mod.rs
expression: sorted_unreferenced_files

---
[]
