---
source: src/model/search_for/tests/file_name/mod.rs
expression: sorted_search_for

---
[]
