---
source: src/tests/multiple_searching/mod.rs
expression: sorted_search_for

---
[]
