---
source: src/model/unreferenced_files/tests/multiple_searching/mod.rs
expression: sorted_unreferenced_files

---
[
    FilePathVariants {
        file_canonicalize_path: "/tmp/folder/file1.txt",
        file_relative_path: "./folder/file1.txt",
        file_name: "file1.txt",
        file_stem: "file1",
    },
]
