---
source: src/tests/file_name/mod.rs
expression: sorted_search_for
---
[]
