---
source: src/tests/singular_searching/mod.rs
expression: sorted_search_for
---
[]
