---
source: unreferenced_files_lib/src/tests/multiple_searching/mod.rs
assertion_line: 88
expression: sorted_search_for

---
[
    FilePathVariants {
        file_canonicalize_path: "/tmp/folder/file1.txt",
        file_relative_path: "./folder/file1.txt",
        file_name: "file1.txt",
        file_stem: "file1",
    },
    FilePathVariants {
        file_canonicalize_path: "/tmp/folder/file2.txt",
        file_relative_path: "./folder/file2.txt",
        file_name: "file2.txt",
        file_stem: "file2",
    },
]
